../Middlewares/Third_Party/SEGGER/SEGGER/SEGGER_RTT.c:319:13:_DoInit	16	static,ignoring_inline_asm
../Middlewares/Third_Party/SEGGER/SEGGER/SEGGER_RTT.c:379:17:_WriteBlocking	48	static,ignoring_inline_asm
../Middlewares/Third_Party/SEGGER/SEGGER/SEGGER_RTT.c:441:13:_WriteNoCheck	40	static,ignoring_inline_asm
../Middlewares/Third_Party/SEGGER/SEGGER/SEGGER_RTT.c:509:13:_PostTerminalSwitch	24	static
../Middlewares/Third_Party/SEGGER/SEGGER/SEGGER_RTT.c:531:17:_GetAvailWriteSpace	32	static
../Middlewares/Third_Party/SEGGER/SEGGER/SEGGER_RTT.c:578:10:SEGGER_RTT_ReadUpBufferNoLock	56	static
../Middlewares/Third_Party/SEGGER/SEGGER/SEGGER_RTT.c:670:10:SEGGER_RTT_ReadNoLock	56	static
../Middlewares/Third_Party/SEGGER/SEGGER/SEGGER_RTT.c:767:10:SEGGER_RTT_ReadUpBuffer	32	static,ignoring_inline_asm
../Middlewares/Third_Party/SEGGER/SEGGER/SEGGER_RTT.c:799:10:SEGGER_RTT_Read	32	static,ignoring_inline_asm
../Middlewares/Third_Party/SEGGER/SEGGER/SEGGER_RTT.c:838:6:SEGGER_RTT_WriteWithOverwriteNoLock	40	static,ignoring_inline_asm
../Middlewares/Third_Party/SEGGER/SEGGER/SEGGER_RTT.c:1030:10:SEGGER_RTT_WriteDownBufferNoLock	40	static
../Middlewares/Third_Party/SEGGER/SEGGER/SEGGER_RTT.c:1105:10:SEGGER_RTT_WriteNoLock	40	static
../Middlewares/Third_Party/SEGGER/SEGGER/SEGGER_RTT.c:1181:10:SEGGER_RTT_WriteDownBuffer	40	static,ignoring_inline_asm
../Middlewares/Third_Party/SEGGER/SEGGER/SEGGER_RTT.c:1210:10:SEGGER_RTT_Write	40	static,ignoring_inline_asm
../Middlewares/Third_Party/SEGGER/SEGGER/SEGGER_RTT.c:1240:10:SEGGER_RTT_WriteString	24	static
../Middlewares/Third_Party/SEGGER/SEGGER/SEGGER_RTT.c:1270:10:SEGGER_RTT_PutCharSkipNoLock	32	static,ignoring_inline_asm
../Middlewares/Third_Party/SEGGER/SEGGER/SEGGER_RTT.c:1320:10:SEGGER_RTT_PutCharSkip	40	static,ignoring_inline_asm
../Middlewares/Third_Party/SEGGER/SEGGER/SEGGER_RTT.c:1379:10:SEGGER_RTT_PutChar	40	static,ignoring_inline_asm
../Middlewares/Third_Party/SEGGER/SEGGER/SEGGER_RTT.c:1442:5:SEGGER_RTT_GetKey	16	static
../Middlewares/Third_Party/SEGGER/SEGGER/SEGGER_RTT.c:1470:5:SEGGER_RTT_WaitKey	16	static
../Middlewares/Third_Party/SEGGER/SEGGER/SEGGER_RTT.c:1493:5:SEGGER_RTT_HasKey	24	static
../Middlewares/Third_Party/SEGGER/SEGGER/SEGGER_RTT.c:1521:10:SEGGER_RTT_HasData	24	static
../Middlewares/Third_Party/SEGGER/SEGGER/SEGGER_RTT.c:1542:10:SEGGER_RTT_HasDataUp	24	static
../Middlewares/Third_Party/SEGGER/SEGGER/SEGGER_RTT.c:1571:5:SEGGER_RTT_AllocDownBuffer	40	static,ignoring_inline_asm
../Middlewares/Third_Party/SEGGER/SEGGER/SEGGER_RTT.c:1620:5:SEGGER_RTT_AllocUpBuffer	40	static,ignoring_inline_asm
../Middlewares/Third_Party/SEGGER/SEGGER/SEGGER_RTT.c:1675:5:SEGGER_RTT_ConfigUpBuffer	48	static,ignoring_inline_asm
../Middlewares/Third_Party/SEGGER/SEGGER/SEGGER_RTT.c:1727:5:SEGGER_RTT_ConfigDownBuffer	48	static,ignoring_inline_asm
../Middlewares/Third_Party/SEGGER/SEGGER/SEGGER_RTT.c:1770:5:SEGGER_RTT_SetNameUpBuffer	40	static,ignoring_inline_asm
../Middlewares/Third_Party/SEGGER/SEGGER/SEGGER_RTT.c:1805:5:SEGGER_RTT_SetNameDownBuffer	40	static,ignoring_inline_asm
../Middlewares/Third_Party/SEGGER/SEGGER/SEGGER_RTT.c:1841:5:SEGGER_RTT_SetFlagsUpBuffer	40	static,ignoring_inline_asm
../Middlewares/Third_Party/SEGGER/SEGGER/SEGGER_RTT.c:1877:5:SEGGER_RTT_SetFlagsDownBuffer	40	static,ignoring_inline_asm
../Middlewares/Third_Party/SEGGER/SEGGER/SEGGER_RTT.c:1905:6:SEGGER_RTT_Init	8	static
../Middlewares/Third_Party/SEGGER/SEGGER/SEGGER_RTT.c:1926:5:SEGGER_RTT_SetTerminal	40	static,ignoring_inline_asm
../Middlewares/Third_Party/SEGGER/SEGGER/SEGGER_RTT.c:1975:5:SEGGER_RTT_TerminalOut	40	static,ignoring_inline_asm
../Middlewares/Third_Party/SEGGER/SEGGER/SEGGER_RTT.c:2063:10:SEGGER_RTT_GetAvailWriteSpace	24	static
../Middlewares/Third_Party/SEGGER/SEGGER/SEGGER_RTT.c:2084:10:SEGGER_RTT_GetBytesInBuffer	32	static
